// Vitest Snapshot v1, https://vitest.dev/guide/snapshot.html

exports[`SVG Chart Primitives Snapshot Regression Suite > HorizontalBarChart matches baseline SVG snapshot 1`] = `
<figure
  class="chart bar-chart-horizontal"
>
  <svg
    aria-label="Bar Chart Snapshot"
    role="img"
    viewBox="0 0 640 106"
  >
    <text
      class="mono"
      fill="var(--ink)"
      font-size="11"
      font-weight="700"
      x="140"
      y="18"
    >
      BAR CHART SNAPSHOT
    </text>
    <g
      class="bar-row"
    >
      <text
        class="mono"
        fill="var(--ink)"
        font-size="10"
        font-weight="600"
        text-anchor="end"
        x="130"
        y="43"
      >
        repo-1
      </text>
      <rect
        fill="var(--line-soft)"
        height="22"
        opacity="0.4"
        rx="4"
        width="440"
        x="140"
        y="28"
      />
      <rect
        fill="var(--cyan)"
        height="22"
        opacity="0.88"
        rx="4"
        width="440"
        x="140"
        y="28"
      />
      <text
        class="mono"
        fill="var(--ink)"
        font-size="10.5"
        font-weight="700"
        x="588"
        y="43"
      >
        1,500
      </text>
    </g>
    <g
      class="bar-row"
    >
      <text
        class="mono"
        fill="var(--ink)"
        font-size="10"
        font-weight="600"
        text-anchor="end"
        x="130"
        y="77"
      >
        repo-2
      </text>
      <rect
        fill="var(--line-soft)"
        height="22"
        opacity="0.4"
        rx="4"
        width="440"
        x="140"
        y="62"
      />
      <rect
        fill="var(--cyan)"
        height="22"
        opacity="0.88"
        rx="4"
        width="352"
        x="140"
        y="62"
      />
      <text
        class="mono"
        fill="var(--ink)"
        font-size="10.5"
        font-weight="700"
        x="500"
        y="77"
      >
        1,200
      </text>
    </g>
  </svg>
</figure>
`;

exports[`SVG Chart Primitives Snapshot Regression Suite > PieChart matches baseline SVG snapshot 1`] = `
<figure
  class="chart pie-chart"
>
  <svg
    aria-label="Distribution Snapshot"
    role="img"
    viewBox="0 0 640 220"
  >
    <text
      class="mono"
      fill="var(--ink)"
      font-size="11"
      font-weight="700"
      x="20"
      y="20"
    >
      DISTRIBUTION SNAPSHOT
    </text>
    <path
      d="M 140 35 A 75 75 0 0 1 184.0838939219355 170.67627457812105 L 163.51141009169893 142.3606797749979 A 40 40 0 0 0 140 70 Z"
      fill="var(--cyan)"
      opacity="0.88"
      stroke="var(--s)"
      stroke-width="1.5"
    />
    <path
      d="M 184.0838939219355 170.67627457812105 A 75 75 0 0 1 68.67076127786349 133.17627457812108 L 101.95773934819385 122.3606797749979 A 40 40 0 0 0 163.51141009169893 142.3606797749979 Z"
      fill="var(--mag)"
      opacity="0.88"
      stroke="var(--s)"
      stroke-width="1.5"
    />
    <path
      d="M 68.67076127786349 133.17627457812108 A 75 75 0 0 1 95.9161060780645 49.32372542187895 L 116.48858990830107 77.63932022500211 A 40 40 0 0 0 101.95773934819385 122.3606797749979 Z"
      fill="var(--amber)"
      opacity="0.88"
      stroke="var(--s)"
      stroke-width="1.5"
    />
    <path
      d="M 95.9161060780645 49.32372542187895 A 75 75 0 0 1 139.99999999999997 35 L 140 70 A 40 40 0 0 0 116.48858990830107 77.63932022500211 Z"
      fill="var(--blue)"
      opacity="0.88"
      stroke="var(--s)"
      stroke-width="1.5"
    />
    <text
      class="mono"
      fill="var(--ink)"
      font-size="13"
      font-weight="800"
      text-anchor="middle"
      x="140"
      y="108"
    >
      1.0k
    </text>
    <text
      class="mono"
      fill="var(--muted)"
      font-size="9"
      text-anchor="middle"
      x="140"
      y="124"
    >
      TOTAL
    </text>
    <g
      transform="translate(280, 35)"
    >
      <rect
        fill="var(--cyan)"
        height="12"
        rx="2"
        width="12"
        x="0"
        y="0"
      />
      <text
        class="mono"
        fill="var(--ink)"
        font-size="10.5"
        font-weight="600"
        x="20"
        y="10"
      >
        Category A
      </text>
      <text
        class="mono"
        fill="var(--muted)"
        font-size="10.5"
        font-weight="700"
        text-anchor="end"
        x="320"
        y="10"
      >
        400
         (
        40.0
        %)
      </text>
    </g>
    <g
      transform="translate(280, 59)"
    >
      <rect
        fill="var(--mag)"
        height="12"
        rx="2"
        width="12"
        x="0"
        y="0"
      />
      <text
        class="mono"
        fill="var(--ink)"
        font-size="10.5"
        font-weight="600"
        x="20"
        y="10"
      >
        Category B
      </text>
      <text
        class="mono"
        fill="var(--muted)"
        font-size="10.5"
        font-weight="700"
        text-anchor="end"
        x="320"
        y="10"
      >
        300
         (
        30.0
        %)
      </text>
    </g>
    <g
      transform="translate(280, 83)"
    >
      <rect
        fill="var(--amber)"
        height="12"
        rx="2"
        width="12"
        x="0"
        y="0"
      />
      <text
        class="mono"
        fill="var(--ink)"
        font-size="10.5"
        font-weight="600"
        x="20"
        y="10"
      >
        Category C
      </text>
      <text
        class="mono"
        fill="var(--muted)"
        font-size="10.5"
        font-weight="700"
        text-anchor="end"
        x="320"
        y="10"
      >
        200
         (
        20.0
        %)
      </text>
    </g>
    <g
      transform="translate(280, 107)"
    >
      <rect
        fill="var(--blue)"
        height="12"
        rx="2"
        width="12"
        x="0"
        y="0"
      />
      <text
        class="mono"
        fill="var(--ink)"
        font-size="10.5"
        font-weight="600"
        x="20"
        y="10"
      >
        Category D
      </text>
      <text
        class="mono"
        fill="var(--muted)"
        font-size="10.5"
        font-weight="700"
        text-anchor="end"
        x="320"
        y="10"
      >
        100
         (
        10.0
        %)
      </text>
    </g>
  </svg>
</figure>
`;

exports[`SVG Chart Primitives Snapshot Regression Suite > StackedBarChart matches baseline SVG snapshot 1`] = `
<figure
  class="chart stacked-bar-chart"
>
  <svg
    aria-label="Stacked Breakdown Snapshot"
    role="img"
    viewBox="0 0 640 134"
  >
    <text
      class="mono"
      fill="var(--ink)"
      font-size="11"
      font-weight="700"
      x="130"
      y="18"
    >
      STACKED BREAKDOWN SNAPSHOT
    </text>
    <g>
      <text
        class="mono"
        fill="var(--ink)"
        font-size="10"
        font-weight="600"
        text-anchor="end"
        x="120"
        y="44"
      >
        repo-alpha
      </text>
      <rect
        fill="var(--cyan)"
        height="24"
        opacity="0.88"
        width="300"
        x="130"
        y="28"
      />
      <rect
        fill="var(--mag)"
        height="24"
        opacity="0.88"
        width="150"
        x="430"
        y="28"
      />
      <text
        class="mono"
        fill="var(--ink)"
        font-size="10"
        font-weight="700"
        x="588"
        y="44"
      >
        150
      </text>
    </g>
    <g>
      <text
        class="mono"
        fill="var(--ink)"
        font-size="10"
        font-weight="600"
        text-anchor="end"
        x="120"
        y="82"
      >
        repo-beta
      </text>
      <rect
        fill="var(--cyan)"
        height="24"
        opacity="0.88"
        width="240"
        x="130"
        y="66"
      />
      <rect
        fill="var(--mag)"
        height="24"
        opacity="0.88"
        width="90"
        x="370"
        y="66"
      />
      <text
        class="mono"
        fill="var(--ink)"
        font-size="10"
        font-weight="700"
        x="468"
        y="82"
      >
        110
      </text>
    </g>
    <g
      transform="translate(130, 122)"
    >
      <g
        transform="translate(0, 0)"
      >
        <rect
          fill="var(--cyan)"
          height="10"
          rx="2"
          width="10"
          x="0"
          y="-8"
        />
        <text
          class="mono"
          fill="var(--muted)"
          font-size="9.5"
          x="14"
          y="0"
        >
          commits
        </text>
      </g>
      <g
        transform="translate(100, 0)"
      >
        <rect
          fill="var(--mag)"
          height="10"
          rx="2"
          width="10"
          x="0"
          y="-8"
        />
        <text
          class="mono"
          fill="var(--muted)"
          font-size="9.5"
          x="14"
          y="0"
        >
          pushes
        </text>
      </g>
    </g>
  </svg>
</figure>
`;

exports[`SVG Chart Primitives Snapshot Regression Suite > TreemapChart matches baseline SVG snapshot 1`] = `
<figure
  class="chart treemap-chart"
>
  <svg
    aria-label="Treemap Snapshot"
    role="img"
    viewBox="0 0 640 220"
  >
    <text
      class="mono"
      fill="var(--ink)"
      font-size="11"
      font-weight="700"
      x="0"
      y="16"
    >
      TREEMAP SNAPSHOT
    </text>
    <g>
      <rect
        fill="var(--cyan)"
        height="192"
        opacity="0.82"
        rx="4"
        width="318"
        x="0"
        y="26"
      />
      <text
        class="mono"
        fill="var(--s)"
        font-size="10.5"
        font-weight="700"
        x="8"
        y="46"
      >
        Tile 1
      </text>
      <text
        class="mono"
        fill="var(--s)"
        font-size="9.5"
        opacity="0.9"
        x="8"
        y="62"
      >
        5,000
      </text>
    </g>
    <g>
      <rect
        fill="var(--mag)"
        height="192"
        opacity="0.82"
        rx="4"
        width="190"
        x="320"
        y="26"
      />
      <text
        class="mono"
        fill="var(--s)"
        font-size="10.5"
        font-weight="700"
        x="328"
        y="46"
      >
        Tile 2
      </text>
      <text
        class="mono"
        fill="var(--s)"
        font-size="9.5"
        opacity="0.9"
        x="328"
        y="62"
      >
        3,000
      </text>
    </g>
    <g>
      <rect
        fill="var(--amber)"
        height="192"
        opacity="0.82"
        rx="4"
        width="126"
        x="512"
        y="26"
      />
      <text
        class="mono"
        fill="var(--s)"
        font-size="10.5"
        font-weight="700"
        x="520"
        y="46"
      >
        Tile 3
      </text>
      <text
        class="mono"
        fill="var(--s)"
        font-size="9.5"
        opacity="0.9"
        x="520"
        y="62"
      >
        2,000
      </text>
    </g>
  </svg>
</figure>
`;

exports[`SVG Chart Primitives Snapshot Regression Suite > WaterfallChart matches baseline SVG snapshot 1`] = `
<figure
  class="chart waterfall-chart"
>
  <svg
    aria-label="Waterfall Snapshot"
    role="img"
    viewBox="0 0 640 220"
  >
    <text
      class="mono"
      fill="var(--ink)"
      font-size="11"
      font-weight="700"
      x="40"
      y="16"
    >
      WATERFALL SNAPSHOT
    </text>
    <line
      stroke="var(--line)"
      stroke-width="1"
      x1="40"
      x2="620"
      y1="184"
      y2="184"
    />
    <g>
      <rect
        fill="var(--cyan)"
        height="104"
        opacity="0.88"
        rx="3"
        width="45"
        x="90"
        y="80"
      />
      <text
        class="mono"
        fill="var(--ink)"
        font-size="9.5"
        font-weight="700"
        text-anchor="middle"
        x="112.5"
        y="75"
      >
        +100
      </text>
      <text
        class="mono"
        fill="var(--muted)"
        font-size="9"
        text-anchor="middle"
        x="112.5"
        y="198"
      >
        Base
      </text>
    </g>
    <g>
      <rect
        fill="var(--cyan)"
        height="52"
        opacity="0.88"
        rx="3"
        width="45"
        x="235"
        y="28"
      />
      <text
        class="mono"
        fill="var(--ink)"
        font-size="9.5"
        font-weight="700"
        text-anchor="middle"
        x="257.5"
        y="23"
      >
        +50
      </text>
      <text
        class="mono"
        fill="var(--muted)"
        font-size="9"
        text-anchor="middle"
        x="257.5"
        y="198"
      >
        Add
      </text>
    </g>
    <g>
      <rect
        fill="var(--mag)"
        height="20.799999999999983"
        opacity="0.88"
        rx="3"
        width="45"
        x="380"
        y="28"
      />
      <text
        class="mono"
        fill="var(--ink)"
        font-size="9.5"
        font-weight="700"
        text-anchor="middle"
        x="402.5"
        y="23"
      >
        -20
      </text>
      <text
        class="mono"
        fill="var(--muted)"
        font-size="9"
        text-anchor="middle"
        x="402.5"
        y="198"
      >
        Sub
      </text>
    </g>
    <g>
      <rect
        fill="var(--blue)"
        height="135.20000000000002"
        opacity="0.88"
        rx="3"
        width="45"
        x="525"
        y="48.79999999999998"
      />
      <text
        class="mono"
        fill="var(--ink)"
        font-size="9.5"
        font-weight="700"
        text-anchor="middle"
        x="547.5"
        y="43.79999999999998"
      >
        130
      </text>
      <text
        class="mono"
        fill="var(--muted)"
        font-size="9"
        text-anchor="middle"
        x="547.5"
        y="198"
      >
        Total
      </text>
    </g>
  </svg>
</figure>
`;
